
AKASH@LAPTOP-9I05UNC1 MINGW64 /d/Dot net/zensar (feature)
$

AKASH@LAPTOP-9I05UNC1 MINGW64 /d/Dot net/zensar (feature)
$ git checkout master
Switched to branch 'master'
Your branch is up to date with 'origin/master'.

AKASH@LAPTOP-9I05UNC1 MINGW64 /d/Dot net/zensar (master)
$ code README.md

AKASH@LAPTOP-9I05UNC1 MINGW64 /d/Dot net/zensar (master)
$ ls
index.css  index.html  README.md

AKASH@LAPTOP-9I05UNC1 MINGW64 /d/Dot net/zensar (master)
$ git status
On branch master
Your branch is up to date with 'origin/master'.

Untracked files:
  (use "git add <file>..." to include in what will be committed)
        README.md
        index.css

nothing added to commit but untracked files present (use "git add" to track)

AKASH@LAPTOP-9I05UNC1 MINGW64 /d/Dot net/zensar (master)
$ code instruction.txt

AKASH@LAPTOP-9I05UNC1 MINGW64 /d/Dot net/zensar (master)
$ ls
index.css  index.html  instruction.txt  README.md

AKASH@LAPTOP-9I05UNC1 MINGW64 /d/Dot net/zensar (master)
$ git sttus
git: 'sttus' is not a git command. See 'git --help'.

The most similar command is
        status

AKASH@LAPTOP-9I05UNC1 MINGW64 /d/Dot net/zensar (master)
$ git status
On branch master
Your branch is up to date with 'origin/master'.

Untracked files:
  (use "git add <file>..." to include in what will be committed)
        README.md
        index.css
        instruction.txt

nothing added to commit but untracked files present (use "git add" to track)

AKASH@LAPTOP-9I05UNC1 MINGW64 /d/Dot net/zensar (master)
$ git add .

AKASH@LAPTOP-9I05UNC1 MINGW64 /d/Dot net/zensar (master)
$ git status
On branch master
Your branch is up to date with 'origin/master'.

Changes to be committed:
  (use "git restore --staged <file>..." to unstage)
        new file:   README.md
        new file:   index.css
        new file:   instruction.txt


AKASH@LAPTOP-9I05UNC1 MINGW64 /d/Dot net/zensar (master)
$ git commi
git: 'commi' is not a git command. See 'git --help'.

The most similar commands are
        commit
        column
        config

AKASH@LAPTOP-9I05UNC1 MINGW64 /d/Dot net/zensar (master)
$ git commit
hint: Waiting for your editor to close the file...
$ git commit -m "Initial commit"



Aborting commit due to empty commit message.

AKASH@LAPTOP-9I05UNC1 MINGW64 /d/Dot net/zensar (master)
$

AKASH@LAPTOP-9I05UNC1 MINGW64 /d/Dot net/zensar (master)
$ $ git commit -m "Initial commit"
bash: $: command not found

AKASH@LAPTOP-9I05UNC1 MINGW64 /d/Dot net/zensar (master)
$

AKASH@LAPTOP-9I05UNC1 MINGW64 /d/Dot net/zensar (master)
$

AKASH@LAPTOP-9I05UNC1 MINGW64 /d/Dot net/zensar (master)
$

AKASH@LAPTOP-9I05UNC1 MINGW64 /d/Dot net/zensar (master)
$ commit -m " Add two files Readme and instructions
> "
bash: commit: command not found

AKASH@LAPTOP-9I05UNC1 MINGW64 /d/Dot net/zensar (master)
$ commit -m " Add two files Readme and instructions "
bash: commit: command not found

AKASH@LAPTOP-9I05UNC1 MINGW64 /d/Dot net/zensar (master)
$ commit -m "Add two files Readme and instructions"
bash: commit: command not found

AKASH@LAPTOP-9I05UNC1 MINGW64 /d/Dot net/zensar (master)
$ commit -m "Add two files Readme and instruction"
bash: commit: command not found

AKASH@LAPTOP-9I05UNC1 MINGW64 /d/Dot net/zensar (master)
$ git status
On branch master
Your branch is up to date with 'origin/master'.

Changes to be committed:
  (use "git restore --staged <file>..." to unstage)
        new file:   README.md
        new file:   index.css
        new file:   instruction.txt


AKASH@LAPTOP-9I05UNC1 MINGW64 /d/Dot net/zensar (master)
$ commit -m "Add two files Readme and instruction"
bash: commit: command not found

AKASH@LAPTOP-9I05UNC1 MINGW64 /d/Dot net/zensar (master)
$ commit -m "Follow the Readme"
bash: commit: command not found

AKASH@LAPTOP-9I05UNC1 MINGW64 /d/Dot net/zensar (master)
$ git log
commit 08243792a3309a73565f153aef2f618699ac5d5b (HEAD -> master, origin/master, feature)
Author: akash-das-123 <akash.das@zensar.com>
Date:   Tue Jul 14 15:47:54 2020 +0530

     create the html file

AKASH@LAPTOP-9I05UNC1 MINGW64 /d/Dot net/zensar (master)
$ git reflog
0824379 (HEAD -> master, origin/master, feature) HEAD@{0}: checkout: moving from feature to master
0824379 (HEAD -> master, origin/master, feature) HEAD@{1}: checkout: moving from master to feature
0824379 (HEAD -> master, origin/master, feature) HEAD@{2}: commit (initial): create the html file

AKASH@LAPTOP-9I05UNC1 MINGW64 /d/Dot net/zensar (master)
$ ls
index.css  index.html  instruction.txt  README.md

AKASH@LAPTOP-9I05UNC1 MINGW64 /d/Dot net/zensar (master)
$ git add .

AKASH@LAPTOP-9I05UNC1 MINGW64 /d/Dot net/zensar (master)
$ git status
On branch master
Your branch is up to date with 'origin/master'.

Changes to be committed:
  (use "git restore --staged <file>..." to unstage)
        new file:   README.md
        new file:   index.css
        new file:   instruction.txt


AKASH@LAPTOP-9I05UNC1 MINGW64 /d/Dot net/zensar (master)
$ git commit -m "Add index.html file"
[master f758d14] Add index.html file
 3 files changed, 6 insertions(+)
 create mode 100644 README.md
 create mode 100644 index.css
 create mode 100644 instruction.txt

AKASH@LAPTOP-9I05UNC1 MINGW64 /d/Dot net/zensar (master)
$

AKASH@LAPTOP-9I05UNC1 MINGW64 /d/Dot net/zensar (master)
$ git log --oneline
f758d14 (HEAD -> master) Add index.html file
0824379 (origin/master, feature)  create the html file

AKASH@LAPTOP-9I05UNC1 MINGW64 /d/Dot net/zensar (master)
$ git remote add origin https://github.com/Akash707985/AKASH-DAS.git
fatal: remote origin already exists.

AKASH@LAPTOP-9I05UNC1 MINGW64 /d/Dot net/zensar (master)
$ git push -u origin master

Enumerating objects: 6, done.
Counting objects: 100% (6/6), done.
Delta compression using up to 8 threads
Compressing objects: 100% (4/4), done.
Writing objects: 100% (5/5), 463 bytes | 463.00 KiB/s, done.
Total 5 (delta 0), reused 0 (delta 0), pack-reused 0
To https://github.com/Akash707985/AKASH.git
   0824379..f758d14  master -> master
Branch 'master' set up to track remote branch 'master' from 'origin'.

AKASH@LAPTOP-9I05UNC1 MINGW64 /d/Dot net/zensar (master)
$

AKASH@LAPTOP-9I05UNC1 MINGW64 /d/Dot net/zensar (master)
$ git checkout master
Already on 'master'
Your branch is up to date with 'origin/master'.

AKASH@LAPTOP-9I05UNC1 MINGW64 /d/Dot net/zensar (master)
$ git log --oneline
f758d14 (HEAD -> master, origin/master) Add index.html file
0824379 (feature)  create the html file

AKASH@LAPTOP-9I05UNC1 MINGW64 /d/Dot net/zensar (master)
$ git ststus
git: 'ststus' is not a git command. See 'git --help'.

The most similar command is
        status

AKASH@LAPTOP-9I05UNC1 MINGW64 /d/Dot net/zensar (master)
$ git status
On branch master
Your branch is up to date with 'origin/master'.

nothing to commit, working tree clean

AKASH@LAPTOP-9I05UNC1 MINGW64 /d/Dot net/zensar (master)
$ code index.html

AKASH@LAPTOP-9I05UNC1 MINGW64 /d/Dot net/zensar (master)
$ git remote add origin https://github.com/Akash707985/AKASH-DAS.git
fatal: remote origin already exists.

AKASH@LAPTOP-9I05UNC1 MINGW64 /d/Dot net/zensar (master)
$ git push -u origin master
Everything up-to-date
Branch 'master' set up to track remote branch 'master' from 'origin'.

AKASH@LAPTOP-9I05UNC1 MINGW64 /d/Dot net/zensar (master)
$ git add .

AKASH@LAPTOP-9I05UNC1 MINGW64 /d/Dot net/zensar (master)
$ git commit -m "channge in README.md add h3 tag"
On branch master
Your branch is up to date with 'origin/master'.

nothing to commit, working tree clean

AKASH@LAPTOP-9I05UNC1 MINGW64 /d/Dot net/zensar (master)
$ git push -u origin master
Everything up-to-date
Branch 'master' set up to track remote branch 'master' from 'origin'.

AKASH@LAPTOP-9I05UNC1 MINGW64 /d/Dot net/zensar (master)
$ ls
index.css  index.html  instruction.txt  README.md

AKASH@LAPTOP-9I05UNC1 MINGW64 /d/Dot net/zensar (master)
$ git log --oneline
f758d14 (HEAD -> master, origin/master) Add index.html file
0824379 (feature)  create the html file

AKASH@LAPTOP-9I05UNC1 MINGW64 /d/Dot net/zensar (master)
$ git diff f758 0824
diff --git a/README.md b/README.md
deleted file mode 100644
index e69de29..0000000
diff --git a/index.css b/index.css
deleted file mode 100644
index e4b5b87..0000000
--- a/index.css
+++ /dev/null
@@ -1,4 +0,0 @@
-body{
-    background-color: yellow;
-    color: wheat;
-}
\ No newline at end of file
diff --git a/instruction.txt b/instruction.txt
deleted file mode 100644
index bc9464f..0000000
--- a/instruction.txt
+++ /dev/null
@@ -1,2 +0,0 @@
-This are the instructions
-read everything carefuly
\ No newline at end of file

AKASH@LAPTOP-9I05UNC1 MINGW64 /d/Dot net/zensar (master)
$ git checkout -b Work
Switched to a new branch 'Work'

AKASH@LAPTOP-9I05UNC1 MINGW64 /d/Dot net/zensar (Work)
$ git chckout master
git: 'chckout' is not a git command. See 'git --help'.

The most similar command is
        checkout

AKASH@LAPTOP-9I05UNC1 MINGW64 /d/Dot net/zensar (Work)
$ git checkout master
Switched to branch 'master'
Your branch is up to date with 'origin/master'.

AKASH@LAPTOP-9I05UNC1 MINGW64 /d/Dot net/zensar (master)
$ git branches
git: 'branches' is not a git command. See 'git --help'.

AKASH@LAPTOP-9I05UNC1 MINGW64 /d/Dot net/zensar (master)
$ git branch
  Work
  feature
* master

AKASH@LAPTOP-9I05UNC1 MINGW64 /d/Dot net/zensar (master)
$ git checkout -b test branch
fatal: 'branch' is not a commit and a branch 'test' cannot be created from it

AKASH@LAPTOP-9I05UNC1 MINGW64 /d/Dot net/zensar (master)
$ git chckout -b test-branch
git: 'chckout' is not a git command. See 'git --help'.

The most similar command is
        checkout

AKASH@LAPTOP-9I05UNC1 MINGW64 /d/Dot net/zensar (master)
$ git -b test-branch
unknown option: -b
usage: git [--version] [--help] [-C <path>] [-c <name>=<value>]
           [--exec-path[=<path>]] [--html-path] [--man-path] [--info-path]
           [-p | --paginate | -P | --no-pager] [--no-replace-objects] [--bare]
           [--git-dir=<path>] [--work-tree=<path>] [--namespace=<name>]
           <command> [<args>]

AKASH@LAPTOP-9I05UNC1 MINGW64 /d/Dot net/zensar (master)
$ git checkout test-branch
error: pathspec 'test-branch' did not match any file(s) known to git

AKASH@LAPTOP-9I05UNC1 MINGW64 /d/Dot net/zensar (master)
$ code index.html

AKASH@LAPTOP-9I05UNC1 MINGW64 /d/Dot net/zensar (master)
